{
  "detail": [
    {
      "ctx": {
        "le": 10
      },
      "input": "100",
      "loc": [
        "query",
        "priority"
      ],
      "msg": "Input should be less than or equal to 10",
      "type": "less_than_equal",
      "url": "https://errors.pydantic.dev/2.6/v/less_than_equal"
    }
  ]
}
