{
  "cpu": true,
  "cuda": true,
  "dml": false
}
