{
  "policy": "MD5:b600f1e49b174ad46ce3ea3928e26155",
  "portrait": "MD5:df87a6169da388ab846b55b395b10edb",
  "style_infos": [
    {
      "icon": "MD5:df87a6169da388ab846b55b395b10edb",
      "id": 888753760,
      "portrait": null,
      "voice_sample_transcripts": [
        "やったあー！テストで満点取れた〜！私とっても嬉しいな！　この漫画めっちゃ笑える〜！見てよこれ！",
        "どうして私の意見を無視するの？許せない！ムカつく！あんたなんか死んじゃえばいいのに。",
        "ごめんね、今ちょっと風邪気味なんだよね…。それでもよければ会いたいけど、どう？　…そっか…コロナ流行ってるもんね。じゃまた今度にしよっか。元気になったらぜひご飯でも！"
      ],
      "voice_samples": [
        "MD5:a28ba7a3dd50b6a6463785d3676e284e",
        "MD5:588c90a553402815127e30a33e01f8cc",
        "MD5:25b6cdce2b644289c8c742ac4c619771"
      ]
    },
    {
      "icon": "MD5:df87a6169da388ab846b55b395b10edb",
      "id": 888753761,
      "portrait": null,
      "voice_sample_transcripts": [
        "やったあー！テストで満点取れた〜！私とっても嬉しいな！　この漫画めっちゃ笑える〜！見てよこれ！",
        "どうして私の意見を無視するの？許せない！ムカつく！あんたなんか死んじゃえばいいのに。",
        "ごめんね、今ちょっと風邪気味なんだよね…。それでもよければ会いたいけど、どう？　…そっか…コロナ流行ってるもんね。じゃまた今度にしよっか。元気になったらぜひご飯でも！"
      ],
      "voice_samples": [
        "MD5:6859fba37d7df77f6bad474e720ce17e",
        "MD5:711dea1cab9b0064619ab608a136258e",
        "MD5:78d46e71479b0ba5f88da71cfe731cc2"
      ]
    },
    {
      "icon": "MD5:df87a6169da388ab846b55b395b10edb",
      "id": 888753762,
      "portrait": null,
      "voice_sample_transcripts": [
        "やったあー！テストで満点取れた〜！私とっても嬉しいな！　この漫画めっちゃ笑える〜！見てよこれ！",
        "どうして私の意見を無視するの？許せない！ムカつく！あんたなんか死んじゃえばいいのに。",
        "ごめんね、今ちょっと風邪気味なんだよね…。それでもよければ会いたいけど、どう？　…そっか…コロナ流行ってるもんね。じゃまた今度にしよっか。元気になったらぜひご飯でも！"
      ],
      "voice_samples": [
        "MD5:add6633b54f54fbc401eda9bf326f31f",
        "MD5:26514d4e9c2b1c4b087c3b4601e86dae",
        "MD5:38d913c61fe06982132a767691857992"
      ]
    },
    {
      "icon": "MD5:df87a6169da388ab846b55b395b10edb",
      "id": 888753763,
      "portrait": null,
      "voice_sample_transcripts": [
        "やったあー！テストで満点取れた〜！私とっても嬉しいな！　この漫画めっちゃ笑える〜！見てよこれ！",
        "どうして私の意見を無視するの？許せない！ムカつく！あんたなんか死んじゃえばいいのに。",
        "ごめんね、今ちょっと風邪気味なんだよね…。それでもよければ会いたいけど、どう？　…そっか…コロナ流行ってるもんね。じゃまた今度にしよっか。元気になったらぜひご飯でも！"
      ],
      "voice_samples": [
        "MD5:08fac1b384a820532c0589d7c06ab643",
        "MD5:5515d4efe9ccf7ea31e6a68f5b371228",
        "MD5:07c6db1c8f5553494a25026d79c8c3cc"
      ]
    },
    {
      "icon": "MD5:df87a6169da388ab846b55b395b10edb",
      "id": 888753764,
      "portrait": null,
      "voice_sample_transcripts": [
        "やったあー！テストで満点取れた〜！私とっても嬉しいな！　この漫画めっちゃ笑える〜！見てよこれ！",
        "どうして私の意見を無視するの？許せない！ムカつく！あんたなんか死んじゃえばいいのに。",
        "ごめんね、今ちょっと風邪気味なんだよね…。それでもよければ会いたいけど、どう？　…そっか…コロナ流行ってるもんね。じゃまた今度にしよっか。元気になったらぜひご飯でも！"
      ],
      "voice_samples": [
        "MD5:79f0f15110d1db9f544f8769c142b2a8",
        "MD5:70b248272b9bd7c49576d5e92a6f59f5",
        "MD5:3570b0b3391cbde9ed0de94b83ed0aa3"
      ]
    },
    {
      "icon": "MD5:df87a6169da388ab846b55b395b10edb",
      "id": 888753765,
      "portrait": null,
      "voice_sample_transcripts": [
        "やったあー！テストで満点取れた〜！私とっても嬉しいな！　この漫画めっちゃ笑える〜！見てよこれ！",
        "どうして私の意見を無視するの？許せない！ムカつく！あんたなんか死んじゃえばいいのに。",
        "ごめんね、今ちょっと風邪気味なんだよね…。それでもよければ会いたいけど、どう？　…そっか…コロナ流行ってるもんね。じゃまた今度にしよっか。元気になったらぜひご飯でも！"
      ],
      "voice_samples": [
        "MD5:6250de466f71cd7990a25dcd201d5655",
        "MD5:a8a5f57be0f1fdf0c908903ef8042bed",
        "MD5:a2c25d44eb600f5150eea5cd2b195697"
      ]
    }
  ]
}
