{
  "policy": "MD5:0ba8f99060494bd1358581440037f39a",
  "portrait": "MD5:05937d44ab4f50d0818607e0b2b44776",
  "style_infos": [
    {
      "icon": "MD5:05937d44ab4f50d0818607e0b2b44776",
      "id": 888753760,
      "portrait": null,
      "voice_sample_transcripts": [
        "おはようございます！現在時刻は7時30分です。今日の東京の気温は18度で、天気は雨です。10時からミーティング、午後3時に歯医者の予約があります。今日も素敵な一日になりますように。",
        "えへへ…。やった〜！テストでようやく満点取れた〜！めちゃくちゃ嬉しい…。　そうそう、さっき読んでたこの漫画がめっちゃ面白くてさ〜！見てよこれ！",
        "やった〜！テストでようやく満点取れた〜！めちゃくちゃ嬉しい…。　そうそう、さっき読んでたこの漫画がめっちゃ面白くてさ〜！見てよこれ！"
      ],
      "voice_samples": [
        "MD5:eb9a5722bcda0cf25cf65b47fac3c9c5",
        "MD5:21b671c24331f394063a1b4ace0e2cbe",
        "MD5:ebc146443e052fc68f1504c0ecd62cae"
      ]
    },
    {
      "icon": "MD5:a39c15760e582aa1c007f62297ad8a09",
      "id": 888753761,
      "portrait": null,
      "voice_sample_transcripts": [
        "おはようございます！現在時刻は7時30分です。今日の東京の気温は18度で、天気は雨です。10時からミーティング、午後3時に歯医者の予約があります。今日も素敵な一日になりますように。",
        "えへへ…。やった〜！テストでようやく満点取れた〜！めちゃくちゃ嬉しい…。　そうそう、さっき読んでたこの漫画がめっちゃ面白くてさ〜！見てよこれ！",
        "ごめんね、今ちょっと風邪気味なんだよね…。それでもよければ会いたいけど、どう？　…………そっか…。コロナ流行ってるもんね。じゃまた今度にしようか。…元気になったらぜひご飯でも！"
      ],
      "voice_samples": [
        "MD5:1e88f5ccb2b863ef00b22f2a6e5918b5",
        "MD5:06cd6121e351f119f131a3ee12b9fbeb",
        "MD5:72a10aa76f487613b5dd3a8fff5a361b"
      ]
    },
    {
      "icon": "MD5:e5ff09e611bb4cf7ed321fb868dea2fd",
      "id": 888753762,
      "portrait": null,
      "voice_sample_transcripts": [
        "おはようございます！現在時刻は7時30分です。今日の東京の気温は18度で、天気は雨です。10時からミーティング、午後3時に歯医者の予約があります。今日も素敵な一日になりますように。",
        "えへへ…。やった〜！テストでようやく満点取れた〜！めちゃくちゃ嬉しい…。　そうそう、さっき読んでたこの漫画がめっちゃ面白くてさ〜！見てよこれ！",
        "ごめんね、今ちょっと風邪気味なんだよね…。それでもよければ会いたいけど、どう？　…………そっか…。コロナ流行ってるもんね。じゃまた今度にしようか。…元気になったらぜひご飯でも！"
      ],
      "voice_samples": [
        "MD5:fb9e54c92200d96822672c461f490b6d",
        "MD5:688bbdd6858f01d910e4cadbbffff714",
        "MD5:97a2a2d6922cb9a99c5ec960923e1848"
      ]
    },
    {
      "icon": "MD5:8787fc24bdf731bec45116b88bb2e6d2",
      "id": 888753763,
      "portrait": null,
      "voice_sample_transcripts": [
        "おはようございます！現在時刻は7時30分です。今日の東京の気温は18度で、天気は雨です。10時からミーティング、午後3時に歯医者の予約があります。今日も素敵な一日になりますように。",
        "えへへ…。やった〜！テストでようやく満点取れた〜！めちゃくちゃ嬉しい…。　そうそう、さっき読んでたこの漫画がめっちゃ面白くてさ〜！見てよこれ！",
        "ごめんね、今ちょっと風邪気味なんだよね…。それでもよければ会いたいけど、どう？　…………そっか…。コロナ流行ってるもんね。じゃまた今度にしようか。…元気になったらぜひご飯でも！"
      ],
      "voice_samples": [
        "MD5:3a6a00caadb5fb43e5f31011ed4f1a90",
        "MD5:6f8e2e6097fed918b7a7564856b775f6",
        "MD5:80172d992aac6677b7da5721aa469470"
      ]
    },
    {
      "icon": "MD5:05937d44ab4f50d0818607e0b2b44776",
      "id": 888753764,
      "portrait": null,
      "voice_sample_transcripts": [
        "おはようございます！現在時刻は7時30分です。今日の東京の気温は18度で、天気は雨です。10時からミーティング、午後3時に歯医者の予約があります。今日も素敵な一日になりますように。",
        "えへへ…。やった〜！テストでようやく満点取れた〜！めちゃくちゃ嬉しい…。　そうそう、さっき読んでたこの漫画がめっちゃ面白くてさ〜！見てよこれ！",
        "ごめんね、今ちょっと風邪気味なんだよね…。それでもよければ会いたいけど、どう？　…………そっか…。コロナ流行ってるもんね。じゃまた今度にしようか。…元気になったらぜひご飯でも！"
      ],
      "voice_samples": [
        "MD5:1892f43f70778d11baae629b648703a3",
        "MD5:8379353f63f9113c06e0fd2e6cb3d157",
        "MD5:dc4e1f59d19dbd3e4de7727cab6ad573"
      ]
    },
    {
      "icon": "MD5:5e204cb01409bc6e9576c80ece6c8414",
      "id": 888753765,
      "portrait": null,
      "voice_sample_transcripts": [
        "おはようございます！現在時刻は7時30分です。今日の東京の気温は18度で、天気は雨です。10時からミーティング、午後3時に歯医者の予約があります。今日も素敵な一日になりますように。",
        "えへへ…。やった〜！テストでようやく満点取れた〜！めちゃくちゃ嬉しい…。　そうそう、さっき読んでたこの漫画がめっちゃ面白くてさ〜！見てよこれ！",
        "ごめんね、今ちょっと風邪気味なんだよね…。それでもよければ会いたいけど、どう？　…………そっか…。コロナ流行ってるもんね。じゃまた今度にしようか。…元気になったらぜひご飯でも！"
      ],
      "voice_samples": [
        "MD5:1f043ca868330d2f4176b98e1773c6ae",
        "MD5:170f9dd96ca80b2f6356188504742401",
        "MD5:f920b69da77ad700e2ab56906bf701c7"
      ]
    }
  ]
}
