[
  [
    0.69
  ],
  [
    1.41
  ],
  [
    1.24
  ],
  [
    1.34
  ],
  [
    1.27
  ],
  [
    1.32
  ],
  [
    1.28
  ],
  [
    1.31
  ],
  [
    1.29
  ],
  [
    1.31
  ],
  [
    1.3
  ],
  [
    1.3
  ],
  [
    1.3
  ],
  [
    1.3
  ],
  [
    1.3
  ],
  [
    1.3
  ],
  [
    1.3
  ],
  [
    1.3
  ],
  [
    1.3
  ],
  [
    1.3
  ],
  [
    1.3
  ],
  [
    1.3
  ],
  [
    1.3
  ],
  [
    1.29
  ],
  [
    1.31
  ],
  [
    1.29
  ],
  [
    1.31
  ],
  [
    1.29
  ],
  [
    1.39
  ],
  [
    1.45
  ],
  [
    1.44
  ],
  [
    1.44
  ],
  [
    1.44
  ],
  [
    1.44
  ],
  [
    1.44
  ],
  [
    1.44
  ],
  [
    1.44
  ],
  [
    1.44
  ],
  [
    1.44
  ],
  [
    1.44
  ],
  [
    1.44
  ],
  [
    1.44
  ],
  [
    1.44
  ],
  [
    1.44
  ],
  [
    1.44
  ],
  [
    1.44
  ],
  [
    1.44
  ],
  [
    1.44
  ],
  [
    1.44
  ],
  [
    1.44
  ],
  [
    1.44
  ],
  [
    1.45
  ],
  [
    1.44
  ],
  [
    1.45
  ],
  [
    1.44
  ],
  [
    1.45
  ],
  [
    1.44
  ],
  [
    1.45
  ],
  [
    1.44
  ],
  [
    1.45
  ],
  [
    1.44
  ],
  [
    1.45
  ],
  [
    1.44
  ],
  [
    1.45
  ],
  [
    1.44
  ],
  [
    1.45
  ],
  [
    1.44
  ],
  [
    1.44
  ],
  [
    1.45
  ],
  [
    1.44
  ],
  [
    2.06
  ],
  [
    2.24
  ],
  [
    2.17
  ],
  [
    2.22
  ],
  [
    2.18
  ],
  [
    2.21
  ],
  [
    2.18
  ],
  [
    2.21
  ],
  [
    2.19
  ],
  [
    2.21
  ],
  [
    2.19
  ],
  [
    2.21
  ],
  [
    2.19
  ],
  [
    2.2
  ],
  [
    2.19
  ],
  [
    2.2
  ],
  [
    2.19
  ],
  [
    2.2
  ],
  [
    2.19
  ],
  [
    2.2
  ],
  [
    2.19
  ],
  [
    2.2
  ],
  [
    2.19
  ],
  [
    2.2
  ],
  [
    2.19
  ],
  [
    2.2
  ],
  [
    2.19
  ],
  [
    2.23
  ],
  [
    2.67
  ],
  [
    2.73
  ],
  [
    2.71
  ],
  [
    2.72
  ],
  [
    2.71
  ],
  [
    2.72
  ],
  [
    2.71
  ],
  [
    2.72
  ],
  [
    2.71
  ],
  [
    2.72
  ],
  [
    2.71
  ],
  [
    2.72
  ],
  [
    2.71
  ],
  [
    2.72
  ],
  [
    2.71
  ],
  [
    2.72
  ],
  [
    2.71
  ],
  [
    2.72
  ],
  [
    2.71
  ],
  [
    2.72
  ],
  [
    2.71
  ],
  [
    2.72
  ],
  [
    2.71
  ],
  [
    2.72
  ],
  [
    2.71
  ],
  [
    2.72
  ],
  [
    2.71
  ],
  [
    2.72
  ],
  [
    2.71
  ],
  [
    2.72
  ],
  [
    2.71
  ],
  [
    2.72
  ],
  [
    2.71
  ],
  [
    2.72
  ],
  [
    2.71
  ],
  [
    2.72
  ],
  [
    2.71
  ],
  [
    2.72
  ],
  [
    2.72
  ],
  [
    2.71
  ],
  [
    2.72
  ],
  [
    2.71
  ],
  [
    2.72
  ],
  [
    2.71
  ],
  [
    2.72
  ],
  [
    2.71
  ],
  [
    2.73
  ],
  [
    2.7
  ],
  [
    2.73
  ],
  [
    2.7
  ],
  [
    2.74
  ],
  [
    2.69
  ],
  [
    2.75
  ],
  [
    2.66
  ],
  [
    2.8
  ],
  [
    2.39
  ],
  [
    1.5
  ],
  [
    1.58
  ],
  [
    1.54
  ],
  [
    1.56
  ],
  [
    1.55
  ],
  [
    1.55
  ],
  [
    1.56
  ],
  [
    1.55
  ],
  [
    1.56
  ],
  [
    1.55
  ],
  [
    1.56
  ],
  [
    1.55
  ],
  [
    1.56
  ],
  [
    1.55
  ],
  [
    1.56
  ],
  [
    1.55
  ],
  [
    1.56
  ],
  [
    1.55
  ],
  [
    1.56
  ],
  [
    1.55
  ],
  [
    1.56
  ],
  [
    1.55
  ],
  [
    1.56
  ],
  [
    1.55
  ],
  [
    1.55
  ],
  [
    1.55
  ],
  [
    1.55
  ],
  [
    1.55
  ],
  [
    1.55
  ],
  [
    1.55
  ],
  [
    1.55
  ],
  [
    1.55
  ],
  [
    1.55
  ],
  [
    1.55
  ],
  [
    1.55
  ],
  [
    1.55
  ],
  [
    1.55
  ],
  [
    1.55
  ],
  [
    1.55
  ],
  [
    1.55
  ],
  [
    1.55
  ],
  [
    1.55
  ],
  [
    1.55
  ],
  [
    1.55
  ],
  [
    1.55
  ],
  [
    1.55
  ],
  [
    1.55
  ],
  [
    1.55
  ],
  [
    1.55
  ],
  [
    1.55
  ],
  [
    1.55
  ],
  [
    1.55
  ],
  [
    1.55
  ],
  [
    1.55
  ],
  [
    1.55
  ],
  [
    1.55
  ],
  [
    1.55
  ],
  [
    1.55
  ],
  [
    1.55
  ],
  [
    1.55
  ],
  [
    1.55
  ],
  [
    1.55
  ],
  [
    1.55
  ],
  [
    1.55
  ],
  [
    1.55
  ],
  [
    1.55
  ],
  [
    1.55
  ],
  [
    1.56
  ],
  [
    1.55
  ],
  [
    1.56
  ],
  [
    1.55
  ],
  [
    1.56
  ],
  [
    1.55
  ],
  [
    1.56
  ],
  [
    1.55
  ],
  [
    1.56
  ],
  [
    1.55
  ],
  [
    1.56
  ],
  [
    1.55
  ],
  [
    1.56
  ],
  [
    1.55
  ],
  [
    1.56
  ],
  [
    1.55
  ],
  [
    1.55
  ],
  [
    1.55
  ],
  [
    1.55
  ],
  [
    1.56
  ],
  [
    1.54
  ],
  [
    1.58
  ],
  [
    1.5
  ],
  [
    2.17
  ],
  [
    2.51
  ],
  [
    2.4
  ],
  [
    2.47
  ],
  [
    2.42
  ],
  [
    2.46
  ],
  [
    2.43
  ],
  [
    2.45
  ],
  [
    2.43
  ],
  [
    2.45
  ],
  [
    2.44
  ],
  [
    2.44
  ],
  [
    2.44
  ],
  [
    2.44
  ],
  [
    2.44
  ],
  [
    2.44
  ],
  [
    2.44
  ],
  [
    2.44
  ],
  [
    2.44
  ],
  [
    2.43
  ],
  [
    2.44
  ],
  [
    2.43
  ],
  [
    2.44
  ],
  [
    2.44
  ],
  [
    2.44
  ],
  [
    2.44
  ],
  [
    2.44
  ],
  [
    2.44
  ],
  [
    2.12
  ],
  [
    2.02
  ],
  [
    2.06
  ],
  [
    2.03
  ],
  [
    2.05
  ],
  [
    2.03
  ],
  [
    2.05
  ],
  [
    2.04
  ],
  [
    2.05
  ],
  [
    2.04
  ],
  [
    2.05
  ],
  [
    2.04
  ],
  [
    2.04
  ],
  [
    2.04
  ],
  [
    2.04
  ],
  [
    2.04
  ],
  [
    2.04
  ],
  [
    2.04
  ],
  [
    2.04
  ],
  [
    2.04
  ],
  [
    2.04
  ],
  [
    2.04
  ],
  [
    2.04
  ],
  [
    2.04
  ],
  [
    2.04
  ],
  [
    2.04
  ],
  [
    2.04
  ],
  [
    2.04
  ],
  [
    2.04
  ],
  [
    2.04
  ],
  [
    2.04
  ],
  [
    2.04
  ],
  [
    2.04
  ],
  [
    2.04
  ],
  [
    2.04
  ],
  [
    2.04
  ],
  [
    2.04
  ],
  [
    2.04
  ],
  [
    2.04
  ],
  [
    2.04
  ],
  [
    2.04
  ],
  [
    2.04
  ],
  [
    2.04
  ],
  [
    2.04
  ],
  [
    2.04
  ],
  [
    2.04
  ],
  [
    2.04
  ],
  [
    2.04
  ],
  [
    2.04
  ],
  [
    2.04
  ],
  [
    2.04
  ],
  [
    2.04
  ],
  [
    2.04
  ],
  [
    2.04
  ],
  [
    2.04
  ],
  [
    2.04
  ],
  [
    2.04
  ],
  [
    2.04
  ],
  [
    2.04
  ],
  [
    2.04
  ],
  [
    2.04
  ],
  [
    2.04
  ],
  [
    2.04
  ],
  [
    2.04
  ],
  [
    2.04
  ],
  [
    2.04
  ],
  [
    2.04
  ],
  [
    2.04
  ],
  [
    2.04
  ],
  [
    2.04
  ],
  [
    2.04
  ],
  [
    2.04
  ],
  [
    2.04
  ],
  [
    2.04
  ],
  [
    2.04
  ],
  [
    2.04
  ],
  [
    2.04
  ],
  [
    2.04
  ],
  [
    2.04
  ],
  [
    2.04
  ],
  [
    2.04
  ],
  [
    2.04
  ],
  [
    2.04
  ],
  [
    2.04
  ],
  [
    2.04
  ],
  [
    2.04
  ],
  [
    2.04
  ],
  [
    2.04
  ],
  [
    2.04
  ],
  [
    2.04
  ],
  [
    2.04
  ],
  [
    2.04
  ],
  [
    2.04
  ],
  [
    2.04
  ],
  [
    2.04
  ],
  [
    2.04
  ],
  [
    2.04
  ],
  [
    2.04
  ],
  [
    2.04
  ],
  [
    2.04
  ],
  [
    2.04
  ],
  [
    2.04
  ],
  [
    2.04
  ],
  [
    2.04
  ],
  [
    2.04
  ],
  [
    2.04
  ],
  [
    2.04
  ],
  [
    2.04
  ],
  [
    2.04
  ],
  [
    2.04
  ],
  [
    2.04
  ],
  [
    2.04
  ],
  [
    2.04
  ],
  [
    2.04
  ],
  [
    2.04
  ],
  [
    2.04
  ],
  [
    2.04
  ],
  [
    2.04
  ],
  [
    2.04
  ],
  [
    2.04
  ],
  [
    2.04
  ],
  [
    2.04
  ],
  [
    2.04
  ],
  [
    2.04
  ],
  [
    2.04
  ],
  [
    2.04
  ],
  [
    2.04
  ],
  [
    2.04
  ],
  [
    2.04
  ],
  [
    2.04
  ],
  [
    2.04
  ],
  [
    2.04
  ],
  [
    2.04
  ],
  [
    2.04
  ],
  [
    2.04
  ],
  [
    2.04
  ],
  [
    2.04
  ],
  [
    2.04
  ],
  [
    2.04
  ],
  [
    2.05
  ],
  [
    2.04
  ],
  [
    2.05
  ],
  [
    2.03
  ],
  [
    2.06
  ],
  [
    2.01
  ],
  [
    2.1
  ],
  [
    1.63
  ],
  [
    1.23
  ],
  [
    1.34
  ],
  [
    1.27
  ],
  [
    1.32
  ],
  [
    1.29
  ],
  [
    1.31
  ],
  [
    1.29
  ],
  [
    1.31
  ],
  [
    1.29
  ],
  [
    1.3
  ],
  [
    1.3
  ],
  [
    1.3
  ],
  [
    1.3
  ],
  [
    1.3
  ],
  [
    1.3
  ],
  [
    1.29
  ],
  [
    1.31
  ],
  [
    1.29
  ],
  [
    1.32
  ],
  [
    1.27
  ],
  [
    1.58
  ],
  [
    1.76
  ],
  [
    1.71
  ],
  [
    1.74
  ],
  [
    1.72
  ],
  [
    1.74
  ],
  [
    1.73
  ],
  [
    1.73
  ],
  [
    1.73
  ],
  [
    1.73
  ],
  [
    1.73
  ],
  [
    1.74
  ],
  [
    1.72
  ],
  [
    1.75
  ],
  [
    1.49
  ],
  [
    1.37
  ],
  [
    1.41
  ],
  [
    1.38
  ],
  [
    1.41
  ],
  [
    1.38
  ],
  [
    1.4
  ],
  [
    1.38
  ],
  [
    1.4
  ],
  [
    1.38
  ],
  [
    1.4
  ],
  [
    1.39
  ],
  [
    1.4
  ],
  [
    1.39
  ],
  [
    1.4
  ],
  [
    1.39
  ],
  [
    1.39
  ],
  [
    1.39
  ],
  [
    1.39
  ],
  [
    1.4
  ],
  [
    1.39
  ],
  [
    1.4
  ],
  [
    1.38
  ],
  [
    1.4
  ],
  [
    1.38
  ],
  [
    1.41
  ],
  [
    1.38
  ],
  [
    1.41
  ],
  [
    1.37
  ],
  [
    1.42
  ],
  [
    1.37
  ],
  [
    1.42
  ],
  [
    1.37
  ],
  [
    1.42
  ],
  [
    1.36
  ],
  [
    1.42
  ],
  [
    1.36
  ],
  [
    1.42
  ],
  [
    1.36
  ],
  [
    1.42
  ],
  [
    1.36
  ],
  [
    1.5
  ],
  [
    3.99
  ],
  [
    4.49
  ],
  [
    4.29
  ],
  [
    4.43
  ],
  [
    4.31
  ],
  [
    4.42
  ],
  [
    4.32
  ],
  [
    4.41
  ],
  [
    4.33
  ],
  [
    4.4
  ],
  [
    4.34
  ],
  [
    4.4
  ],
  [
    4.35
  ],
  [
    4.39
  ],
  [
    4.35
  ],
  [
    4.38
  ],
  [
    4.36
  ],
  [
    4.38
  ],
  [
    4.36
  ],
  [
    4.37
  ],
  [
    4.37
  ],
  [
    4.37
  ],
  [
    4.37
  ],
  [
    4.37
  ],
  [
    4.37
  ],
  [
    4.36
  ],
  [
    4.38
  ],
  [
    4.36
  ],
  [
    4.38
  ],
  [
    4.36
  ],
  [
    4.38
  ],
  [
    4.36
  ],
  [
    4.38
  ],
  [
    4.35
  ],
  [
    4.38
  ],
  [
    4.35
  ],
  [
    4.39
  ],
  [
    4.35
  ],
  [
    4.39
  ],
  [
    4.34
  ],
  [
    4.41
  ],
  [
    4.23
  ],
  [
    3.55
  ],
  [
    3.55
  ],
  [
    3.55
  ],
  [
    3.55
  ],
  [
    3.55
  ],
  [
    3.54
  ],
  [
    3.56
  ],
  [
    3.54
  ],
  [
    3.56
  ],
  [
    3.54
  ],
  [
    3.56
  ],
  [
    3.54
  ],
  [
    3.55
  ],
  [
    3.54
  ],
  [
    3.55
  ],
  [
    3.55
  ],
  [
    3.55
  ],
  [
    3.55
  ],
  [
    3.55
  ],
  [
    3.55
  ],
  [
    3.55
  ],
  [
    3.55
  ],
  [
    3.55
  ],
  [
    3.55
  ],
  [
    3.55
  ],
  [
    3.55
  ],
  [
    3.55
  ],
  [
    3.55
  ],
  [
    3.55
  ],
  [
    3.55
  ],
  [
    3.55
  ],
  [
    3.55
  ],
  [
    3.55
  ],
  [
    3.55
  ],
  [
    3.55
  ],
  [
    3.55
  ],
  [
    3.55
  ],
  [
    3.55
  ],
  [
    3.55
  ],
  [
    3.55
  ],
  [
    3.55
  ],
  [
    3.55
  ],
  [
    3.55
  ],
  [
    3.55
  ],
  [
    3.55
  ],
  [
    3.55
  ],
  [
    3.55
  ],
  [
    3.55
  ],
  [
    3.55
  ],
  [
    3.55
  ],
  [
    3.55
  ],
  [
    3.55
  ],
  [
    3.55
  ],
  [
    3.55
  ],
  [
    3.55
  ],
  [
    3.55
  ],
  [
    3.55
  ],
  [
    3.55
  ],
  [
    3.55
  ],
  [
    3.55
  ],
  [
    3.55
  ],
  [
    3.55
  ],
  [
    3.55
  ],
  [
    3.55
  ],
  [
    3.55
  ],
  [
    3.55
  ],
  [
    3.55
  ],
  [
    3.55
  ],
  [
    3.55
  ],
  [
    3.55
  ],
  [
    3.55
  ],
  [
    3.55
  ],
  [
    3.55
  ],
  [
    3.55
  ],
  [
    3.55
  ],
  [
    3.55
  ],
  [
    3.55
  ],
  [
    3.55
  ],
  [
    3.55
  ],
  [
    3.55
  ],
  [
    3.55
  ],
  [
    3.55
  ],
  [
    3.55
  ],
  [
    3.55
  ],
  [
    3.55
  ],
  [
    3.55
  ],
  [
    3.55
  ],
  [
    3.55
  ],
  [
    3.55
  ],
  [
    3.55
  ],
  [
    3.55
  ],
  [
    3.55
  ],
  [
    3.55
  ],
  [
    3.55
  ],
  [
    3.55
  ],
  [
    3.54
  ],
  [
    3.56
  ],
  [
    3.54
  ],
  [
    3.56
  ],
  [
    3.54
  ],
  [
    3.56
  ],
  [
    3.54
  ],
  [
    3.56
  ],
  [
    3.54
  ],
  [
    3.56
  ],
  [
    3.54
  ],
  [
    3.56
  ],
  [
    3.54
  ],
  [
    3.56
  ],
  [
    3.54
  ],
  [
    3.56
  ],
  [
    3.55
  ],
  [
    3.55
  ],
  [
    3.56
  ],
  [
    3.53
  ],
  [
    3.58
  ],
  [
    3.49
  ],
  [
    3.67
  ],
  [
    1.98
  ],
  [
    1.12
  ],
  [
    1.4
  ],
  [
    1.23
  ],
  [
    1.36
  ],
  [
    1.26
  ],
  [
    1.34
  ],
  [
    1.27
  ],
  [
    1.32
  ],
  [
    1.28
  ],
  [
    1.32
  ],
  [
    1.29
  ],
  [
    1.31
  ],
  [
    1.29
  ],
  [
    1.3
  ],
  [
    1.3
  ],
  [
    1.3
  ],
  [
    1.3
  ],
  [
    1.3
  ],
  [
    1.3
  ],
  [
    1.3
  ],
  [
    1.31
  ],
  [
    1.29
  ],
  [
    1.31
  ],
  [
    1.29
  ],
  [
    1.31
  ],
  [
    1.29
  ],
  [
    1.31
  ],
  [
    1.29
  ],
  [
    1.31
  ],
  [
    1.29
  ],
  [
    1.31
  ],
  [
    1.3
  ],
  [
    1.3
  ],
  [
    1.3
  ],
  [
    1.3
  ],
  [
    1.3
  ],
  [
    1.3
  ],
  [
    1.3
  ],
  [
    1.3
  ],
  [
    1.3
  ],
  [
    1.3
  ],
  [
    1.3
  ],
  [
    1.3
  ],
  [
    1.3
  ],
  [
    1.3
  ],
  [
    1.3
  ],
  [
    1.3
  ],
  [
    1.3
  ],
  [
    1.3
  ],
  [
    1.3
  ],
  [
    1.3
  ],
  [
    1.3
  ],
  [
    1.29
  ],
  [
    1.31
  ],
  [
    1.29
  ],
  [
    1.31
  ],
  [
    1.29
  ],
  [
    1.31
  ],
  [
    1.29
  ],
  [
    1.31
  ],
  [
    1.28
  ],
  [
    1.32
  ],
  [
    1.28
  ],
  [
    1.32
  ],
  [
    1.28
  ],
  [
    1.33
  ],
  [
    1.27
  ],
  [
    1.35
  ]
]
