# serializer version: 1
# name: test_テキストとキャラクターIDから音声を合成できる
  'MD5:015a2f6482f2a893c4c61e63c10993b3'
# ---
