# serializer version: 1
# name: test_post_synthesis_200
  'MD5:bb372629df13cbec280585d3d34dc217'
# ---
# name: test_post_synthesis_old_audio_query_200
  'MD5:f76a5639ff8327ccee59844624be2ef5'
# ---
